ma\uiass\eia\pds\Service\IChambreService.class
ma\uiass\eia\pds\Model\EtatLit.class
ma\uiass\eia\pds\Dao\Dao.class
ma\uiass\eia\pds\Dao\IChambreDao.class
ma\uiass\eia\pds\Model\Batiment.class
ma\uiass\eia\pds\Dao\ChambreDao.class
ma\uiass\eia\pds\Dao\IServiceDao.class
ma\uiass\eia\pds\Service\LitService.class
ma\uiass\eia\pds\App.class
ma\uiass\eia\pds\HibernateUtility\HibernateUtil.class
ma\uiass\eia\pds\Model\Marque.class
ma\uiass\eia\pds\Service\ILitService.class
ma\uiass\eia\pds\Dao\ServiceDao.class
ma\uiass\eia\pds\Model\Equipement.class
ma\uiass\eia\pds\Model\Lit.class
ma\uiass\eia\pds\Model\TypeLit.class
ma\uiass\eia\pds\Dao\ILitDao.class
ma\uiass\eia\pds\Model\Service.class
ma\uiass\eia\pds\Model\Chambre.class
ma\uiass\eia\pds\Dao\LitDao.class
ma\uiass\eia\pds\Service\IServiceService.class
ma\uiass\eia\pds\Service\EquipementService.class
ma\uiass\eia\pds\Service\ServiceService.class
ma\uiass\eia\pds\Dao\IEquipementDao.class
ma\uiass\eia\pds\Service\IEquipementService.class
ma\uiass\eia\pds\Controller\ServiceController.class
ma\uiass\eia\pds\Dao\EquipementDao.class
ma\uiass\eia\pds\Service\ChambreService.class
ma\uiass\eia\pds\Exceptions\LitNotFoundException.class
