ma\uiass\eia\pds\Controller\TypeDMController.class
ma\uiass\eia\pds\Dao\StockDao.class
ma\uiass\eia\pds\Model\ExemplaireDM.class
ma\uiass\eia\pds\Dao\IMarqueDao.class
ma\uiass\eia\pds\Controller\BatimentController.class
ma\uiass\eia\pds\Service\LitService.class
ma\uiass\eia\pds\Controller\EspaceController.class
ma\uiass\eia\pds\Controller\StateNFCDController.class
ma\uiass\eia\pds\Controller\DemandeDMControlor.class
ma\uiass\eia\pds\Service\ILitService.class
ma\uiass\eia\pds\Service\IStockService.class
ma\uiass\eia\pds\Dao\EtatAmbulanceDao.class
ma\uiass\eia\pds\Service\DetailsLivraisonService.class
ma\uiass\eia\pds\Service\StateFService.class
ma\uiass\eia\pds\Service\ILivraisonFournisseurService.class
ma\uiass\eia\pds\Dao\AmbulanceDao.class
ma\uiass\eia\pds\Dao\IDetailDemandeDao.class
ma\uiass\eia\pds\Controller\LivraisonFournisseurController.class
ma\uiass\eia\pds\Model\Ambulance.class
ma\uiass\eia\pds\Service\ITypeDMService.class
ma\uiass\eia\pds\Controller\StateNFLDController.class
ma\uiass\eia\pds\Service\FournisseurService.class
ma\uiass\eia\pds\Dao\BatimentDao.class
ma\uiass\eia\pds\Model\DetailDemande.class
ma\uiass\eia\pds\Dao\EquipementDao.class
ma\uiass\eia\pds\Dao\IStockDao.class
ma\uiass\eia\pds\Controller\FournisseurController.class
ma\uiass\eia\pds\Dao\MarqueDao.class
ma\uiass\eia\pds\Service\IDemandeDMService.class
ma\uiass\eia\pds\Dao\DispoMedicalDao.class
ma\uiass\eia\pds\Dao\IDemandeDao.class
ma\uiass\eia\pds\Model\StateNFCD.class
ma\uiass\eia\pds\Dao\StateNFLDDao.class
ma\uiass\eia\pds\Dao\IDescriptionDMDao.class
ma\uiass\eia\pds\Controller\AmbulanceController.class
ma\uiass\eia\pds\Service\EtageService.class
ma\uiass\eia\pds\Controller\ChambreController.class
ma\uiass\eia\pds\Service\IBatimentService.class
ma\uiass\eia\pds\Dao\AdmissionDao.class
ma\uiass\eia\pds\Model\StateNFLD.class
ma\uiass\eia\pds\Service\StateNFLDService.class
ma\uiass\eia\pds\Dao\ChambreDao.class
ma\uiass\eia\pds\Dao\IExemplaireDMDao.class
ma\uiass\eia\pds\Dao\DetailDemandeDao.class
ma\uiass\eia\pds\Model\Admission.class
ma\uiass\eia\pds\Controller\StockController.class
ma\uiass\eia\pds\Controller\TypeLitController.class
ma\uiass\eia\pds\Service\StocksDetailsService.class
ma\uiass\eia\pds\Service\IDemandeService.class
ma\uiass\eia\pds\Controller\DetailDemandeDMControlor.class
ma\uiass\eia\pds\Model\StateF.class
ma\uiass\eia\pds\Model\TypeLit.class
ma\uiass\eia\pds\Model\Stock.class
ma\uiass\eia\pds\Dao\ILitDao.class
ma\uiass\eia\pds\Service\AmbulanceService.class
ma\uiass\eia\pds\Service\MarqueService.class
ma\uiass\eia\pds\Model\StateAMB.class
ma\uiass\eia\pds\Service\IStocksDetailsService.class
ma\uiass\eia\pds\Model\Service.class
ma\uiass\eia\pds\Model\Role.class
ma\uiass\eia\pds\Service\ITypeDMSerivce.class
ma\uiass\eia\pds\Service\StateNFCDService.class
ma\uiass\eia\pds\Dao\IDemandeDMDao.class
ma\uiass\eia\pds\Service\IServiceService.class
ma\uiass\eia\pds\Service\IStateAMBService.class
ma\uiass\eia\pds\Model\GeneratedCode.class
ma\uiass\eia\pds\Dao\EtageDao.class
ma\uiass\eia\pds\Service\ServiceService.class
ma\uiass\eia\pds\Dao\IEquipementDao.class
ma\uiass\eia\pds\Dao\IFournisseurDao.class
ma\uiass\eia\pds\Model\EtatDemandeL.class
ma\uiass\eia\pds\Predictions\Predictions$1.class
ma\uiass\eia\pds\Service\IMarqueService.class
ma\uiass\eia\pds\Controller\DescriptionDMController.class
ma\uiass\eia\pds\Controller\SalleController.class
ma\uiass\eia\pds\Service\ChambreService.class
ma\uiass\eia\pds\Dao\IAmbulanceDao.class
ma\uiass\eia\pds\Dao\ITypeDMDao.class
ma\uiass\eia\pds\Dao\IEspaceDao.class
ma\uiass\eia\pds\Dao\ILivraisonFournisseurDao.class
ma\uiass\eia\pds\Model\EtatLit.class
ma\uiass\eia\pds\Service\ITypeLitService.class
ma\uiass\eia\pds\Model\Batiment.class
ma\uiass\eia\pds\Model\LivraisonFournisseur.class
ma\uiass\eia\pds\Dao\DemandeDMDaoImp.class
ma\uiass\eia\pds\App.class
ma\uiass\eia\pds\Dao\IEtatAmbulanceDao.class
ma\uiass\eia\pds\Controller\ExemplaireDMController.class
ma\uiass\eia\pds\Dao\IDaoDetailDemandeDM.class
ma\uiass\eia\pds\HibernateUtility\HibernateUtil.class
ma\uiass\eia\pds\Dao\DemandeDao.class
ma\uiass\eia\pds\Model\TypeSalle.class
ma\uiass\eia\pds\Model\DemandeDMFormat.class
ma\uiass\eia\pds\Model\Marque.class
ma\uiass\eia\pds\Controller\StateFController.class
ma\uiass\eia\pds\Dao\ServiceDao.class
ma\uiass\eia\pds\Model\Equipement.class
ma\uiass\eia\pds\Dao\StateNFCDDao.class
ma\uiass\eia\pds\Model\Demande.class
ma\uiass\eia\pds\Model\Lit.class
ma\uiass\eia\pds\Dao\IEtageDao.class
ma\uiass\eia\pds\Model\EtatDemande.class
ma\uiass\eia\pds\Model\Salle.class
ma\uiass\eia\pds\Controller\StocksDetailsController.class
ma\uiass\eia\pds\Dao\StateFDao.class
ma\uiass\eia\pds\Model\DispositifMedical.class
ma\uiass\eia\pds\Dao\ITypeLitDao.class
ma\uiass\eia\pds\Service\IDetailDemandeService.class
ma\uiass\eia\pds\Service\SalleService.class
ma\uiass\eia\pds\Controller\StateAMBController.class
ma\uiass\eia\pds\Model\DetailsLivraison.class
ma\uiass\eia\pds\Dao\ExemplaireDMDao.class
ma\uiass\eia\pds\Model\Chambre.class
ma\uiass\eia\pds\Service\DetailDemandeService.class
ma\uiass\eia\pds\Controller\DemandeController.class
ma\uiass\eia\pds\Dao\IAdmissionDao.class
ma\uiass\eia\pds\Service\IAdmissionService.class
ma\uiass\eia\pds\Service\EquipementService.class
ma\uiass\eia\pds\Dao\DescriptionDMDao.class
ma\uiass\eia\pds\Service\BatimentService.class
ma\uiass\eia\pds\Service\DetailDemandeDMService.class
ma\uiass\eia\pds\Service\TypeLitService.class
ma\uiass\eia\pds\Service\IEquipementService.class
ma\uiass\eia\pds\Controller\ServiceController.class
ma\uiass\eia\pds\Controller\DetailDemandeController.class
ma\uiass\eia\pds\Dao\IRevisionDao.class
ma\uiass\eia\pds\Exceptions\LitNotFoundException.class
ma\uiass\eia\pds\Dao\IStateAMBDao.class
ma\uiass\eia\pds\MainPy.class
ma\uiass\eia\pds\Service\IFournisseurService.class
ma\uiass\eia\pds\Model\TypeChambre.class
ma\uiass\eia\pds\Service\IDetailDemandeDMService.class
ma\uiass\eia\pds\Service\LivraisonFournisseurService.class
ma\uiass\eia\pds\Service\IAmbulanceService.class
ma\uiass\eia\pds\Controller\LitController.class
ma\uiass\eia\pds\Service\IDetailsLivraisonService.class
ma\uiass\eia\pds\Model\Fournisseur.class
ma\uiass\eia\pds\Controller\AdmissionController.class
ma\uiass\eia\pds\Dao\IBatimentDao.class
ma\uiass\eia\pds\Controller\MarqueController.class
ma\uiass\eia\pds\Service\DemandeService.class
ma\uiass\eia\pds\Model\DemandeDM.class
ma\uiass\eia\pds\Dao\IServiceDao.class
ma\uiass\eia\pds\Model\DetailDemandeDM.class
ma\uiass\eia\pds\Dao\StocksDetailsDao.class
ma\uiass\eia\pds\Service\StockService.class
ma\uiass\eia\pds\Dao\TypeDMDao.class
ma\uiass\eia\pds\Dao\IDispoMedicalDao.class
ma\uiass\eia\pds\Service\DemandeDMService.class
ma\uiass\eia\pds\Controller\DetailsLivraisonController.class
ma\uiass\eia\pds\Controller\DispositifMedicalController.class
ma\uiass\eia\pds\Model\Etage.class
ma\uiass\eia\pds\Model\Commande.class
ma\uiass\eia\pds\Service\AdmissionService.class
ma\uiass\eia\pds\Service\ExemplaireDMService.class
ma\uiass\eia\pds\Dao\DetailDemandeDMDaoImp.class
ma\uiass\eia\pds\Service\IDispoMedicalService.class
ma\uiass\eia\pds\Service\IService.class
ma\uiass\eia\pds\Model\Revision.class
ma\uiass\eia\pds\Service\IEspaceService.class
ma\uiass\eia\pds\Dao\IStocksDetailsDao.class
ma\uiass\eia\pds\Dao\TypeLitDao.class
ma\uiass\eia\pds\Service\TypeDMService.class
ma\uiass\eia\pds\Model\StocksDetails.class
ma\uiass\eia\pds\Model\TypeDM.class
ma\uiass\eia\pds\Dao\SalleDao.class
ma\uiass\eia\pds\Service\DispoMedicalServiceImp.class
ma\uiass\eia\pds\Dao\LitDao.class
ma\uiass\eia\pds\Model\Espace.class
ma\uiass\eia\pds\Service\DescriptionDMService.class
ma\uiass\eia\pds\Dao\IDetailsLivraisonDao.class
ma\uiass\eia\pds\Predictions\Predictions.class
ma\uiass\eia\pds\Service\IExemplaireDMService.class
ma\uiass\eia\pds\Model\StocksDetailsKey.class
ma\uiass\eia\pds\Service\IEtageService.class
ma\uiass\eia\pds\Service\IDescriptionDMService.class
ma\uiass\eia\pds\Dao\DetailsLivraisonDao.class
ma\uiass\eia\pds\Controller\EtageController.class
ma\uiass\eia\pds\Dao\IDao.class
ma\uiass\eia\pds\Dao\LivraisonFournisseurDao.class
ma\uiass\eia\pds\Dao\RevisionDao.class
ma\uiass\eia\pds\Dao\FournisseurDao.class
