/home/marouane/IdeaProjects/gihBackEnd/src/main/java/ma/uiass/eia/pds/Model/Role.java
/home/marouane/IdeaProjects/gihBackEnd/src/main/java/ma/uiass/eia/pds/Controller/BatimentController.java
/home/marouane/IdeaProjects/gihBackEnd/src/main/java/ma/uiass/eia/pds/Service/LitService.java
/home/marouane/IdeaProjects/gihBackEnd/src/main/java/ma/uiass/eia/pds/Model/DetailDemandeDM.java
/home/marouane/IdeaProjects/gihBackEnd/src/main/java/ma/uiass/eia/pds/Service/IEquipementService.java
/home/marouane/IdeaProjects/gihBackEnd/src/main/java/ma/uiass/eia/pds/Dao/IDescriptionDMDao.java
/home/marouane/IdeaProjects/gihBackEnd/src/main/java/ma/uiass/eia/pds/Model/DetailDemande.java
/home/marouane/IdeaProjects/gihBackEnd/src/main/java/ma/uiass/eia/pds/Model/Lit.java
/home/marouane/IdeaProjects/gihBackEnd/src/main/java/ma/uiass/eia/pds/Service/AmbulanceService.java
/home/marouane/IdeaProjects/gihBackEnd/src/main/java/ma/uiass/eia/pds/Service/TypeLitService.java
/home/marouane/IdeaProjects/gihBackEnd/src/main/java/ma/uiass/eia/pds/Controller/DemandeDMControlor.java
/home/marouane/IdeaProjects/gihBackEnd/src/main/java/ma/uiass/eia/pds/Service/StocksDetailsService.java
/home/marouane/IdeaProjects/gihBackEnd/src/main/java/ma/uiass/eia/pds/Dao/DetailsLivraisonDao.java
/home/marouane/IdeaProjects/gihBackEnd/src/main/java/ma/uiass/eia/pds/Service/IBatimentService.java
/home/marouane/IdeaProjects/gihBackEnd/src/main/java/ma/uiass/eia/pds/Dao/DetailDemandeDMDaoImp.java
/home/marouane/IdeaProjects/gihBackEnd/src/main/java/ma/uiass/eia/pds/Controller/EspaceController.java
/home/marouane/IdeaProjects/gihBackEnd/src/main/java/ma/uiass/eia/pds/Predictions/Predictions.java
/home/marouane/IdeaProjects/gihBackEnd/src/main/java/ma/uiass/eia/pds/Dao/BatimentDao.java
/home/marouane/IdeaProjects/gihBackEnd/src/main/java/ma/uiass/eia/pds/Model/Batiment.java
/home/marouane/IdeaProjects/gihBackEnd/src/main/java/ma/uiass/eia/pds/Dao/IAdmissionDao.java
/home/marouane/IdeaProjects/gihBackEnd/src/main/java/ma/uiass/eia/pds/Model/Service.java
/home/marouane/IdeaProjects/gihBackEnd/src/main/java/ma/uiass/eia/pds/Controller/AmbulanceController.java
/home/marouane/IdeaProjects/gihBackEnd/src/main/java/ma/uiass/eia/pds/Dao/DescriptionDMDao.java
/home/marouane/IdeaProjects/gihBackEnd/src/main/java/ma/uiass/eia/pds/Model/ExemplaireDM.java
/home/marouane/IdeaProjects/gihBackEnd/src/main/java/ma/uiass/eia/pds/Controller/DemandeController.java
/home/marouane/IdeaProjects/gihBackEnd/src/main/java/ma/uiass/eia/pds/Model/Admission.java
/home/marouane/IdeaProjects/gihBackEnd/src/main/java/ma/uiass/eia/pds/Controller/DetailDemandeDMControlor.java
/home/marouane/IdeaProjects/gihBackEnd/src/main/java/ma/uiass/eia/pds/Dao/ExemplaireDMDao.java
/home/marouane/IdeaProjects/gihBackEnd/src/main/java/ma/uiass/eia/pds/Service/FournisseurService.java
/home/marouane/IdeaProjects/gihBackEnd/src/main/java/ma/uiass/eia/pds/Model/Chambre.java
/home/marouane/IdeaProjects/gihBackEnd/src/main/java/ma/uiass/eia/pds/Model/EtatAmbulance.java
/home/marouane/IdeaProjects/gihBackEnd/src/main/java/ma/uiass/eia/pds/Dao/IDetailDemandeDao.java
/home/marouane/IdeaProjects/gihBackEnd/src/main/java/ma/uiass/eia/pds/Service/EquipementService.java
/home/marouane/IdeaProjects/gihBackEnd/src/main/java/ma/uiass/eia/pds/Service/IStockService.java
/home/marouane/IdeaProjects/gihBackEnd/src/main/java/ma/uiass/eia/pds/Exceptions/LitNotFoundException.java
/home/marouane/IdeaProjects/gihBackEnd/src/main/java/ma/uiass/eia/pds/Model/EtatDemande.java
/home/marouane/IdeaProjects/gihBackEnd/src/main/java/ma/uiass/eia/pds/Model/GeneratedCode.java
/home/marouane/IdeaProjects/gihBackEnd/src/main/java/ma/uiass/eia/pds/HibernateUtility/HibernateUtil.java
/home/marouane/IdeaProjects/gihBackEnd/src/main/java/ma/uiass/eia/pds/Model/Etage.java
/home/marouane/IdeaProjects/gihBackEnd/src/main/java/ma/uiass/eia/pds/Model/EtatLit.java
/home/marouane/IdeaProjects/gihBackEnd/src/main/java/ma/uiass/eia/pds/Model/DispositifMedical.java
/home/marouane/IdeaProjects/gihBackEnd/src/main/java/ma/uiass/eia/pds/Service/IExemplaireDMService.java
/home/marouane/IdeaProjects/gihBackEnd/src/main/java/ma/uiass/eia/pds/Dao/EquipementDao.java
/home/marouane/IdeaProjects/gihBackEnd/src/main/java/ma/uiass/eia/pds/Service/ILitService.java
/home/marouane/IdeaProjects/gihBackEnd/src/main/java/ma/uiass/eia/pds/Dao/MarqueDao.java
/home/marouane/IdeaProjects/gihBackEnd/src/main/java/ma/uiass/eia/pds/Service/ServiceService.java
/home/marouane/IdeaProjects/gihBackEnd/src/main/java/ma/uiass/eia/pds/Model/Fonctionnelle.java
/home/marouane/IdeaProjects/gihBackEnd/src/main/java/ma/uiass/eia/pds/Service/EtageService.java
/home/marouane/IdeaProjects/gihBackEnd/src/main/java/ma/uiass/eia/pds/Dao/AdmissionDao.java
/home/marouane/IdeaProjects/gihBackEnd/src/main/java/ma/uiass/eia/pds/Service/IAdmissionService.java
/home/marouane/IdeaProjects/gihBackEnd/src/main/java/ma/uiass/eia/pds/Controller/DescriptionDMController.java
/home/marouane/IdeaProjects/gihBackEnd/src/main/java/ma/uiass/eia/pds/Dao/IFournisseurDao.java
/home/marouane/IdeaProjects/gihBackEnd/src/main/java/ma/uiass/eia/pds/Model/StocksDetailsKey.java
/home/marouane/IdeaProjects/gihBackEnd/src/main/java/ma/uiass/eia/pds/Model/Ambulance.java
/home/marouane/IdeaProjects/gihBackEnd/src/main/java/ma/uiass/eia/pds/Dao/AmbulanceDao.java
/home/marouane/IdeaProjects/gihBackEnd/src/main/java/ma/uiass/eia/pds/Dao/ChambreDao.java
/home/marouane/IdeaProjects/gihBackEnd/src/main/java/ma/uiass/eia/pds/Dao/ILivraisonFournisseurDao.java
/home/marouane/IdeaProjects/gihBackEnd/src/main/java/ma/uiass/eia/pds/Service/DetailsLivraisonService.java
/home/marouane/IdeaProjects/gihBackEnd/src/main/java/ma/uiass/eia/pds/Controller/EtageController.java
/home/marouane/IdeaProjects/gihBackEnd/src/main/java/ma/uiass/eia/pds/Controller/ServiceController.java
/home/marouane/IdeaProjects/gihBackEnd/src/main/java/ma/uiass/eia/pds/Controller/DispositifMedicalController.java
/home/marouane/IdeaProjects/gihBackEnd/src/main/java/ma/uiass/eia/pds/Service/DemandeService.java
/home/marouane/IdeaProjects/gihBackEnd/src/main/java/ma/uiass/eia/pds/Dao/IEtatAmbulanceDao.java
/home/marouane/IdeaProjects/gihBackEnd/src/main/java/ma/uiass/eia/pds/Dao/DemandeDao.java
/home/marouane/IdeaProjects/gihBackEnd/src/main/java/ma/uiass/eia/pds/Dao/DetailDemandeDao.java
/home/marouane/IdeaProjects/gihBackEnd/src/main/java/ma/uiass/eia/pds/Dao/DispoMedicalDao.java
/home/marouane/IdeaProjects/gihBackEnd/src/main/java/ma/uiass/eia/pds/Controller/MarqueController.java
/home/marouane/IdeaProjects/gihBackEnd/src/main/java/ma/uiass/eia/pds/Model/Commande.java
/home/marouane/IdeaProjects/gihBackEnd/src/main/java/ma/uiass/eia/pds/Service/ITypeDMService.java
/home/marouane/IdeaProjects/gihBackEnd/src/main/java/ma/uiass/eia/pds/Service/DispoMedicalServiceImp.java
/home/marouane/IdeaProjects/gihBackEnd/src/main/java/ma/uiass/eia/pds/Service/IDemandeDMService.java
/home/marouane/IdeaProjects/gihBackEnd/src/main/java/ma/uiass/eia/pds/MainPy.java
/home/marouane/IdeaProjects/gihBackEnd/src/main/java/ma/uiass/eia/pds/Dao/LitDao.java
/home/marouane/IdeaProjects/gihBackEnd/src/main/java/ma/uiass/eia/pds/Service/IDetailsLivraisonService.java
/home/marouane/IdeaProjects/gihBackEnd/src/main/java/ma/uiass/eia/pds/Service/SalleService.java
/home/marouane/IdeaProjects/gihBackEnd/src/main/java/ma/uiass/eia/pds/Controller/ExemplaireDMController.java
/home/marouane/IdeaProjects/gihBackEnd/src/main/java/ma/uiass/eia/pds/Controller/DetailsLivraisonController.java
/home/marouane/IdeaProjects/gihBackEnd/src/main/java/ma/uiass/eia/pds/Service/IFournisseurService.java
/home/marouane/IdeaProjects/gihBackEnd/src/main/java/ma/uiass/eia/pds/Service/AdmissionService.java
/home/marouane/IdeaProjects/gihBackEnd/src/main/java/ma/uiass/eia/pds/Dao/TypeLitDao.java
/home/marouane/IdeaProjects/gihBackEnd/src/main/java/ma/uiass/eia/pds/Model/TypeDM.java
/home/marouane/IdeaProjects/gihBackEnd/src/main/java/ma/uiass/eia/pds/Dao/ITypeDMDao.java
/home/marouane/IdeaProjects/gihBackEnd/src/main/java/ma/uiass/eia/pds/Controller/LitController.java
/home/marouane/IdeaProjects/gihBackEnd/src/main/java/ma/uiass/eia/pds/Dao/IDaoDetailDemandeDM.java
/home/marouane/IdeaProjects/gihBackEnd/src/main/java/ma/uiass/eia/pds/Service/IEtageService.java
/home/marouane/IdeaProjects/gihBackEnd/src/main/java/ma/uiass/eia/pds/Dao/ITypeLitDao.java
/home/marouane/IdeaProjects/gihBackEnd/src/main/java/ma/uiass/eia/pds/Dao/IStockDao.java
/home/marouane/IdeaProjects/gihBackEnd/src/main/java/ma/uiass/eia/pds/Service/StockService.java
/home/marouane/IdeaProjects/gihBackEnd/src/main/java/ma/uiass/eia/pds/Dao/IDispoMedicalDao.java
/home/marouane/IdeaProjects/gihBackEnd/src/main/java/ma/uiass/eia/pds/Service/DetailDemandeDMService.java
/home/marouane/IdeaProjects/gihBackEnd/src/main/java/ma/uiass/eia/pds/Controller/SalleController.java
/home/marouane/IdeaProjects/gihBackEnd/src/main/java/ma/uiass/eia/pds/Dao/IServiceDao.java
/home/marouane/IdeaProjects/gihBackEnd/src/main/java/ma/uiass/eia/pds/Service/IStocksDetailsService.java
/home/marouane/IdeaProjects/gihBackEnd/src/main/java/ma/uiass/eia/pds/Dao/IDemandeDao.java
/home/marouane/IdeaProjects/gihBackEnd/src/main/java/ma/uiass/eia/pds/Service/MarqueService.java
/home/marouane/IdeaProjects/gihBackEnd/src/main/java/ma/uiass/eia/pds/Controller/AdmissionController.java
/home/marouane/IdeaProjects/gihBackEnd/src/main/java/ma/uiass/eia/pds/Model/Fournisseur.java
/home/marouane/IdeaProjects/gihBackEnd/src/main/java/ma/uiass/eia/pds/Service/IMarqueService.java
/home/marouane/IdeaProjects/gihBackEnd/src/main/java/ma/uiass/eia/pds/Service/BatimentService.java
/home/marouane/IdeaProjects/gihBackEnd/src/main/java/ma/uiass/eia/pds/Dao/IEtageDao.java
/home/marouane/IdeaProjects/gihBackEnd/src/main/java/ma/uiass/eia/pds/Service/ITypeLitService.java
/home/marouane/IdeaProjects/gihBackEnd/src/main/java/ma/uiass/eia/pds/Model/LivraisonFournisseur.java
/home/marouane/IdeaProjects/gihBackEnd/src/main/java/ma/uiass/eia/pds/Model/DetailsLivraison.java
/home/marouane/IdeaProjects/gihBackEnd/src/main/java/ma/uiass/eia/pds/Dao/IBatimentDao.java
/home/marouane/IdeaProjects/gihBackEnd/src/main/java/ma/uiass/eia/pds/Service/ExemplaireDMService.java
/home/marouane/IdeaProjects/gihBackEnd/src/main/java/ma/uiass/eia/pds/Service/LivraisonFournisseurService.java
/home/marouane/IdeaProjects/gihBackEnd/src/main/java/ma/uiass/eia/pds/Controller/DetailDemandeController.java
/home/marouane/IdeaProjects/gihBackEnd/src/main/java/ma/uiass/eia/pds/Service/IService.java
/home/marouane/IdeaProjects/gihBackEnd/src/main/java/ma/uiass/eia/pds/Model/Equipement.java
/home/marouane/IdeaProjects/gihBackEnd/src/main/java/ma/uiass/eia/pds/Model/NFLongDuree.java
/home/marouane/IdeaProjects/gihBackEnd/src/main/java/ma/uiass/eia/pds/Model/Salle.java
/home/marouane/IdeaProjects/gihBackEnd/src/main/java/ma/uiass/eia/pds/Service/IDetailDemandeDMService.java
/home/marouane/IdeaProjects/gihBackEnd/src/main/java/ma/uiass/eia/pds/Controller/StockController.java
/home/marouane/IdeaProjects/gihBackEnd/src/main/java/ma/uiass/eia/pds/Dao/IEspaceDao.java
/home/marouane/IdeaProjects/gihBackEnd/src/main/java/ma/uiass/eia/pds/Model/Demande.java
/home/marouane/IdeaProjects/gihBackEnd/src/main/java/ma/uiass/eia/pds/Service/IDemandeService.java
/home/marouane/IdeaProjects/gihBackEnd/src/main/java/ma/uiass/eia/pds/Service/DemandeDMService.java
/home/marouane/IdeaProjects/gihBackEnd/src/main/java/ma/uiass/eia/pds/Dao/EtageDao.java
/home/marouane/IdeaProjects/gihBackEnd/src/main/java/ma/uiass/eia/pds/Service/IEspaceService.java
/home/marouane/IdeaProjects/gihBackEnd/src/main/java/ma/uiass/eia/pds/Model/TypeSalle.java
/home/marouane/IdeaProjects/gihBackEnd/src/main/java/ma/uiass/eia/pds/Model/Espace.java
/home/marouane/IdeaProjects/gihBackEnd/src/main/java/ma/uiass/eia/pds/Dao/IDemandeDMDao.java
/home/marouane/IdeaProjects/gihBackEnd/src/main/java/ma/uiass/eia/pds/Service/IAmbulanceService.java
/home/marouane/IdeaProjects/gihBackEnd/src/main/java/ma/uiass/eia/pds/Dao/StocksDetailsDao.java
/home/marouane/IdeaProjects/gihBackEnd/src/main/java/ma/uiass/eia/pds/Model/TypeLit.java
/home/marouane/IdeaProjects/gihBackEnd/src/main/java/ma/uiass/eia/pds/Dao/EtatAmbulanceDao.java
/home/marouane/IdeaProjects/gihBackEnd/src/main/java/ma/uiass/eia/pds/Service/TypeDMService.java
/home/marouane/IdeaProjects/gihBackEnd/src/main/java/ma/uiass/eia/pds/Controller/StocksDetailsController.java
/home/marouane/IdeaProjects/gihBackEnd/src/main/java/ma/uiass/eia/pds/Service/ITypeDMSerivce.java
/home/marouane/IdeaProjects/gihBackEnd/src/main/java/ma/uiass/eia/pds/Dao/SalleDao.java
/home/marouane/IdeaProjects/gihBackEnd/src/main/java/ma/uiass/eia/pds/Controller/LivraisonFournisseurController.java
/home/marouane/IdeaProjects/gihBackEnd/src/main/java/ma/uiass/eia/pds/Model/EtatDemandeL.java
/home/marouane/IdeaProjects/gihBackEnd/src/main/java/ma/uiass/eia/pds/Model/DemandeDMFormat.java
/home/marouane/IdeaProjects/gihBackEnd/src/main/java/ma/uiass/eia/pds/Dao/IEquipementDao.java
/home/marouane/IdeaProjects/gihBackEnd/src/main/java/ma/uiass/eia/pds/Dao/DemandeDMDaoImp.java
/home/marouane/IdeaProjects/gihBackEnd/src/main/java/ma/uiass/eia/pds/Dao/IMarqueDao.java
/home/marouane/IdeaProjects/gihBackEnd/src/main/java/ma/uiass/eia/pds/Dao/RevisionDao.java
/home/marouane/IdeaProjects/gihBackEnd/src/main/java/ma/uiass/eia/pds/Controller/TypeLitController.java
/home/marouane/IdeaProjects/gihBackEnd/src/main/java/ma/uiass/eia/pds/Controller/FournisseurController.java
/home/marouane/IdeaProjects/gihBackEnd/src/main/java/ma/uiass/eia/pds/Service/DescriptionDMService.java
/home/marouane/IdeaProjects/gihBackEnd/src/main/java/ma/uiass/eia/pds/Controller/TypeDMController.java
/home/marouane/IdeaProjects/gihBackEnd/src/main/java/ma/uiass/eia/pds/Model/Stock.java
/home/marouane/IdeaProjects/gihBackEnd/src/main/java/ma/uiass/eia/pds/Dao/IRevisionDao.java
/home/marouane/IdeaProjects/gihBackEnd/src/main/java/ma/uiass/eia/pds/Model/TypeChambre.java
/home/marouane/IdeaProjects/gihBackEnd/src/main/java/ma/uiass/eia/pds/Dao/LivraisonFournisseurDao.java
/home/marouane/IdeaProjects/gihBackEnd/src/main/java/ma/uiass/eia/pds/Service/IDispoMedicalService.java
/home/marouane/IdeaProjects/gihBackEnd/src/main/java/ma/uiass/eia/pds/Service/ILivraisonFournisseurService.java
/home/marouane/IdeaProjects/gihBackEnd/src/main/java/ma/uiass/eia/pds/Dao/FournisseurDao.java
/home/marouane/IdeaProjects/gihBackEnd/src/main/java/ma/uiass/eia/pds/App.java
/home/marouane/IdeaProjects/gihBackEnd/src/main/java/ma/uiass/eia/pds/Service/IDescriptionDMService.java
/home/marouane/IdeaProjects/gihBackEnd/src/main/java/ma/uiass/eia/pds/Controller/ChambreController.java
/home/marouane/IdeaProjects/gihBackEnd/src/main/java/ma/uiass/eia/pds/Model/Revision.java
/home/marouane/IdeaProjects/gihBackEnd/src/main/java/ma/uiass/eia/pds/Dao/IDetailsLivraisonDao.java
/home/marouane/IdeaProjects/gihBackEnd/src/main/java/ma/uiass/eia/pds/Service/IDetailDemandeService.java
/home/marouane/IdeaProjects/gihBackEnd/src/main/java/ma/uiass/eia/pds/Model/Marque.java
/home/marouane/IdeaProjects/gihBackEnd/src/main/java/ma/uiass/eia/pds/Dao/StockDao.java
/home/marouane/IdeaProjects/gihBackEnd/src/main/java/ma/uiass/eia/pds/Dao/TypeDMDao.java
/home/marouane/IdeaProjects/gihBackEnd/src/main/java/ma/uiass/eia/pds/Dao/IExemplaireDMDao.java
/home/marouane/IdeaProjects/gihBackEnd/src/main/java/ma/uiass/eia/pds/Service/ChambreService.java
/home/marouane/IdeaProjects/gihBackEnd/src/main/java/ma/uiass/eia/pds/Dao/ILitDao.java
/home/marouane/IdeaProjects/gihBackEnd/src/main/java/ma/uiass/eia/pds/Dao/IAmbulanceDao.java
/home/marouane/IdeaProjects/gihBackEnd/src/main/java/ma/uiass/eia/pds/Service/DetailDemandeService.java
/home/marouane/IdeaProjects/gihBackEnd/src/main/java/ma/uiass/eia/pds/Dao/IStocksDetailsDao.java
/home/marouane/IdeaProjects/gihBackEnd/src/main/java/ma/uiass/eia/pds/Dao/ServiceDao.java
/home/marouane/IdeaProjects/gihBackEnd/src/main/java/ma/uiass/eia/pds/Model/NFCourtDuree.java
/home/marouane/IdeaProjects/gihBackEnd/src/main/java/ma/uiass/eia/pds/Model/DemandeDM.java
/home/marouane/IdeaProjects/gihBackEnd/src/main/java/ma/uiass/eia/pds/Service/IServiceService.java
/home/marouane/IdeaProjects/gihBackEnd/src/main/java/ma/uiass/eia/pds/Model/StocksDetails.java
/home/marouane/IdeaProjects/gihBackEnd/src/main/java/ma/uiass/eia/pds/Dao/IDao.java
