C:\Users\user\Downloads\gihBackEnd\src\main\java\ma\uiass\eia\pds\Service\IDescriptionDMService.java
C:\Users\user\Downloads\gihBackEnd\src\main\java\ma\uiass\eia\pds\Service\DetailDemandeService.java
C:\Users\user\Downloads\gihBackEnd\src\main\java\ma\uiass\eia\pds\Service\LivraisonFournisseurService.java
C:\Users\user\Downloads\gihBackEnd\src\main\java\ma\uiass\eia\pds\Model\Batiment.java
C:\Users\user\Downloads\gihBackEnd\src\main\java\ma\uiass\eia\pds\Model\Espace.java
C:\Users\user\Downloads\gihBackEnd\src\main\java\ma\uiass\eia\pds\Service\MarqueService.java
C:\Users\user\Downloads\gihBackEnd\src\main\java\ma\uiass\eia\pds\Controller\DemandeDMControlor.java
C:\Users\user\Downloads\gihBackEnd\src\main\java\ma\uiass\eia\pds\MainPy.java
C:\Users\user\Downloads\gihBackEnd\src\main\java\ma\uiass\eia\pds\Dao\RévisionDao.java
C:\Users\user\Downloads\gihBackEnd\src\main\java\ma\uiass\eia\pds\Dao\StocksDetailsDao.java
C:\Users\user\Downloads\gihBackEnd\src\main\java\ma\uiass\eia\pds\Dao\FournisseurDao.java
C:\Users\user\Downloads\gihBackEnd\src\main\java\ma\uiass\eia\pds\Controller\AdmissionController.java
C:\Users\user\Downloads\gihBackEnd\src\main\java\ma\uiass\eia\pds\Controller\LitController.java
C:\Users\user\Downloads\gihBackEnd\src\main\java\ma\uiass\eia\pds\Service\IServiceService.java
C:\Users\user\Downloads\gihBackEnd\src\main\java\ma\uiass\eia\pds\Controller\ChambreController.java
C:\Users\user\Downloads\gihBackEnd\src\main\java\ma\uiass\eia\pds\Service\IAmbulanceService.java
C:\Users\user\Downloads\gihBackEnd\src\main\java\ma\uiass\eia\pds\Model\StocksDetails.java
C:\Users\user\Downloads\gihBackEnd\src\main\java\ma\uiass\eia\pds\Service\LitService.java
C:\Users\user\Downloads\gihBackEnd\src\main\java\ma\uiass\eia\pds\Dao\ChambreDao.java
C:\Users\user\Downloads\gihBackEnd\src\main\java\ma\uiass\eia\pds\Model\Equipement.java
C:\Users\user\Downloads\gihBackEnd\src\main\java\ma\uiass\eia\pds\Service\ChambreService.java
C:\Users\user\Downloads\gihBackEnd\src\main\java\ma\uiass\eia\pds\Service\IService.java
C:\Users\user\Downloads\gihBackEnd\src\main\java\ma\uiass\eia\pds\Controller\ExemplaireDMController.java
C:\Users\user\Downloads\gihBackEnd\src\main\java\ma\uiass\eia\pds\Model\Chambre.java
C:\Users\user\Downloads\gihBackEnd\src\main\java\ma\uiass\eia\pds\Service\ExemplaireDMService.java
C:\Users\user\Downloads\gihBackEnd\src\main\java\ma\uiass\eia\pds\Controller\DemandeController.java
C:\Users\user\Downloads\gihBackEnd\src\main\java\ma\uiass\eia\pds\Dao\IAdmissionDao.java
C:\Users\user\Downloads\gihBackEnd\src\main\java\ma\uiass\eia\pds\Controller\DescriptionDMController.java
C:\Users\user\Downloads\gihBackEnd\src\main\java\ma\uiass\eia\pds\Dao\IStocksDetailsDao.java
C:\Users\user\Downloads\gihBackEnd\src\main\java\ma\uiass\eia\pds\Service\ITypeDMService.java
C:\Users\user\Downloads\gihBackEnd\src\main\java\ma\uiass\eia\pds\Service\IEtageService.java
C:\Users\user\Downloads\gihBackEnd\src\main\java\ma\uiass\eia\pds\Controller\StateNFLDController.java
C:\Users\user\Downloads\gihBackEnd\src\main\java\ma\uiass\eia\pds\Service\IMarqueService.java
C:\Users\user\Downloads\gihBackEnd\src\main\java\ma\uiass\eia\pds\Service\DemandeDMService.java
C:\Users\user\Downloads\gihBackEnd\src\main\java\ma\uiass\eia\pds\Model\TypeChambre.java
C:\Users\user\Downloads\gihBackEnd\src\main\java\ma\uiass\eia\pds\Service\ILitService.java
C:\Users\user\Downloads\gihBackEnd\src\main\java\ma\uiass\eia\pds\Dao\IDao.java
C:\Users\user\Downloads\gihBackEnd\src\main\java\ma\uiass\eia\pds\Model\EtatDemande.java
C:\Users\user\Downloads\gihBackEnd\src\main\java\ma\uiass\eia\pds\Controller\StateNFCDController.java
C:\Users\user\Downloads\gihBackEnd\src\main\java\ma\uiass\eia\pds\Model\Révision.java
C:\Users\user\Downloads\gihBackEnd\src\main\java\ma\uiass\eia\pds\Dao\IServiceDao.java
C:\Users\user\Downloads\gihBackEnd\src\main\java\ma\uiass\eia\pds\Service\ServiceService.java
C:\Users\user\Downloads\gihBackEnd\src\main\java\ma\uiass\eia\pds\Dao\IStateAMBDao.java
C:\Users\user\Downloads\gihBackEnd\src\main\java\ma\uiass\eia\pds\Service\AdmissionService.java
C:\Users\user\Downloads\gihBackEnd\src\main\java\ma\uiass\eia\pds\Dao\EquipementDao.java
C:\Users\user\Downloads\gihBackEnd\src\main\java\ma\uiass\eia\pds\Exceptions\LitNotFoundException.java
C:\Users\user\Downloads\gihBackEnd\src\main\java\ma\uiass\eia\pds\Controller\DetailDemandeDMControlor.java
C:\Users\user\Downloads\gihBackEnd\src\main\java\ma\uiass\eia\pds\Dao\IDescriptionDMDao.java
C:\Users\user\Downloads\gihBackEnd\src\main\java\ma\uiass\eia\pds\Dao\AmbulanceDao.java
C:\Users\user\Downloads\gihBackEnd\src\main\java\ma\uiass\eia\pds\Controller\ServiceController.java
C:\Users\user\Downloads\gihBackEnd\src\main\java\ma\uiass\eia\pds\Dao\IDemandeDao.java
C:\Users\user\Downloads\gihBackEnd\src\main\java\ma\uiass\eia\pds\Service\IStockService.java
C:\Users\user\Downloads\gihBackEnd\src\main\java\ma\uiass\eia\pds\Controller\MarqueController.java
C:\Users\user\Downloads\gihBackEnd\src\main\java\ma\uiass\eia\pds\Predictions\Predictions.java
C:\Users\user\Downloads\gihBackEnd\src\main\java\ma\uiass\eia\pds\Service\EtageService.java
C:\Users\user\Downloads\gihBackEnd\src\main\java\ma\uiass\eia\pds\Model\Service.java
C:\Users\user\Downloads\gihBackEnd\src\main\java\ma\uiass\eia\pds\Dao\BatimentDao.java
C:\Users\user\Downloads\gihBackEnd\src\main\java\ma\uiass\eia\pds\Service\IDetailsLivraisonService.java
C:\Users\user\Downloads\gihBackEnd\src\main\java\ma\uiass\eia\pds\Model\Etage.java
C:\Users\user\Downloads\gihBackEnd\src\main\java\ma\uiass\eia\pds\Controller\DispositifMedicalController.java
C:\Users\user\Downloads\gihBackEnd\src\main\java\ma\uiass\eia\pds\Controller\EtageController.java
C:\Users\user\Downloads\gihBackEnd\src\main\java\ma\uiass\eia\pds\Model\Admission.java
C:\Users\user\Downloads\gihBackEnd\src\main\java\ma\uiass\eia\pds\Service\IFournisseurService.java
C:\Users\user\Downloads\gihBackEnd\src\main\java\ma\uiass\eia\pds\Controller\TypeDMController.java
C:\Users\user\Downloads\gihBackEnd\src\main\java\ma\uiass\eia\pds\Service\DemandeService.java
C:\Users\user\Downloads\gihBackEnd\src\main\java\ma\uiass\eia\pds\Dao\ITypeDMDao.java
C:\Users\user\Downloads\gihBackEnd\src\main\java\ma\uiass\eia\pds\Model\StateNFCD.java
C:\Users\user\Downloads\gihBackEnd\src\main\java\ma\uiass\eia\pds\Dao\DispoMedicalDao.java
C:\Users\user\Downloads\gihBackEnd\src\main\java\ma\uiass\eia\pds\Dao\DetailDemandeDMDaoImp.java
C:\Users\user\Downloads\gihBackEnd\src\main\java\ma\uiass\eia\pds\Controller\StateAMBController.java
C:\Users\user\Downloads\gihBackEnd\src\main\java\ma\uiass\eia\pds\Service\DispoMedicalServiceImp.java
C:\Users\user\Downloads\gihBackEnd\src\main\java\ma\uiass\eia\pds\Dao\ILitDao.java
C:\Users\user\Downloads\gihBackEnd\src\main\java\ma\uiass\eia\pds\Model\DemandeDM.java
C:\Users\user\Downloads\gihBackEnd\src\main\java\ma\uiass\eia\pds\HibernateUtility\HibernateUtil.java
C:\Users\user\Downloads\gihBackEnd\src\main\java\ma\uiass\eia\pds\Service\FournisseurService.java
C:\Users\user\Downloads\gihBackEnd\src\main\java\ma\uiass\eia\pds\Dao\IDetailDemandeDao.java
C:\Users\user\Downloads\gihBackEnd\src\main\java\ma\uiass\eia\pds\Model\StateAMB.java
C:\Users\user\Downloads\gihBackEnd\src\main\java\ma\uiass\eia\pds\Controller\DetailsLivraisonController.java
C:\Users\user\Downloads\gihBackEnd\src\main\java\ma\uiass\eia\pds\Model\DetailsLivraison.java
C:\Users\user\Downloads\gihBackEnd\src\main\java\ma\uiass\eia\pds\Service\AmbulanceService.java
C:\Users\user\Downloads\gihBackEnd\src\main\java\ma\uiass\eia\pds\Dao\IDaoDetailDemandeDM.java
C:\Users\user\Downloads\gihBackEnd\src\main\java\ma\uiass\eia\pds\Model\Fournisseur.java
C:\Users\user\Downloads\gihBackEnd\src\main\java\ma\uiass\eia\pds\Service\IDetailDemandeService.java
C:\Users\user\Downloads\gihBackEnd\src\main\java\ma\uiass\eia\pds\Dao\IMarqueDao.java
C:\Users\user\Downloads\gihBackEnd\src\main\java\ma\uiass\eia\pds\Dao\StateNFCDDao.java
C:\Users\user\Downloads\gihBackEnd\src\main\java\ma\uiass\eia\pds\Dao\AdmissionDao.java
C:\Users\user\Downloads\gihBackEnd\src\main\java\ma\uiass\eia\pds\Dao\DescriptionDMDao.java
C:\Users\user\Downloads\gihBackEnd\src\main\java\ma\uiass\eia\pds\Service\IEquipementService.java
C:\Users\user\Downloads\gihBackEnd\src\main\java\ma\uiass\eia\pds\Dao\IDispoMedicalDao.java
C:\Users\user\Downloads\gihBackEnd\src\main\java\ma\uiass\eia\pds\Service\TypeDMService.java
C:\Users\user\Downloads\gihBackEnd\src\main\java\ma\uiass\eia\pds\Service\DescriptionDMService.java
C:\Users\user\Downloads\gihBackEnd\src\main\java\ma\uiass\eia\pds\Service\IStateAMBService.java
C:\Users\user\Downloads\gihBackEnd\src\main\java\ma\uiass\eia\pds\Dao\IStockDao.java
C:\Users\user\Downloads\gihBackEnd\src\main\java\ma\uiass\eia\pds\Service\IDetailDemandeDMService.java
C:\Users\user\Downloads\gihBackEnd\src\main\java\ma\uiass\eia\pds\Controller\TypeLitController.java
C:\Users\user\Downloads\gihBackEnd\src\main\java\ma\uiass\eia\pds\Model\DispositifMedical.java
C:\Users\user\Downloads\gihBackEnd\src\main\java\ma\uiass\eia\pds\Dao\EtageDao.java
C:\Users\user\Downloads\gihBackEnd\src\main\java\ma\uiass\eia\pds\Service\DetailDemandeDMService.java
C:\Users\user\Downloads\gihBackEnd\src\main\java\ma\uiass\eia\pds\Service\IDemandeDMService.java
C:\Users\user\Downloads\gihBackEnd\src\main\java\ma\uiass\eia\pds\Model\TypeRévision.java
C:\Users\user\Downloads\gihBackEnd\src\main\java\ma\uiass\eia\pds\Model\EtatDemandeL.java
C:\Users\user\Downloads\gihBackEnd\src\main\java\ma\uiass\eia\pds\Model\LivraisonFournisseur.java
C:\Users\user\Downloads\gihBackEnd\src\main\java\ma\uiass\eia\pds\Service\StockService.java
C:\Users\user\Downloads\gihBackEnd\src\main\java\ma\uiass\eia\pds\Controller\DetailDemandeController.java
C:\Users\user\Downloads\gihBackEnd\src\main\java\ma\uiass\eia\pds\Dao\ExemplaireDMDao.java
C:\Users\user\Downloads\gihBackEnd\src\main\java\ma\uiass\eia\pds\Dao\ITypeLitDao.java
C:\Users\user\Downloads\gihBackEnd\src\main\java\ma\uiass\eia\pds\Model\TypeDM.java
C:\Users\user\Downloads\gihBackEnd\src\main\java\ma\uiass\eia\pds\Service\SalleService.java
C:\Users\user\Downloads\gihBackEnd\src\main\java\ma\uiass\eia\pds\Model\Ambulance.java
C:\Users\user\Downloads\gihBackEnd\src\main\java\ma\uiass\eia\pds\Model\TypeSalle.java
C:\Users\user\Downloads\gihBackEnd\src\main\java\ma\uiass\eia\pds\Dao\StockDao.java
C:\Users\user\Downloads\gihBackEnd\src\main\java\ma\uiass\eia\pds\Model\StocksDetailsKey.java
C:\Users\user\Downloads\gihBackEnd\src\main\java\ma\uiass\eia\pds\Dao\IEtageDao.java
C:\Users\user\Downloads\gihBackEnd\src\main\java\ma\uiass\eia\pds\Service\RévisionService.java
C:\Users\user\Downloads\gihBackEnd\src\main\java\ma\uiass\eia\pds\Model\Marque.java
C:\Users\user\Downloads\gihBackEnd\src\main\java\ma\uiass\eia\pds\Controller\AmbulanceController.java
C:\Users\user\Downloads\gihBackEnd\src\main\java\ma\uiass\eia\pds\Model\Commande.java
C:\Users\user\Downloads\gihBackEnd\src\main\java\ma\uiass\eia\pds\Service\StateNFCDService.java
C:\Users\user\Downloads\gihBackEnd\src\main\java\ma\uiass\eia\pds\Service\IAdmissionService.java
C:\Users\user\Downloads\gihBackEnd\src\main\java\ma\uiass\eia\pds\Controller\SalleController.java
C:\Users\user\Downloads\gihBackEnd\src\main\java\ma\uiass\eia\pds\Dao\ServiceDao.java
C:\Users\user\Downloads\gihBackEnd\src\main\java\ma\uiass\eia\pds\Dao\DemandeDao.java
C:\Users\user\Downloads\gihBackEnd\src\main\java\ma\uiass\eia\pds\Service\IDemandeService.java
C:\Users\user\Downloads\gihBackEnd\src\main\java\ma\uiass\eia\pds\Service\StateNFLDService.java
C:\Users\user\Downloads\gihBackEnd\src\main\java\ma\uiass\eia\pds\Model\StateF.java
C:\Users\user\Downloads\gihBackEnd\src\main\java\ma\uiass\eia\pds\Model\DetailDemande.java
C:\Users\user\Downloads\gihBackEnd\src\main\java\ma\uiass\eia\pds\Dao\LivraisonFournisseurDao.java
C:\Users\user\Downloads\gihBackEnd\src\main\java\ma\uiass\eia\pds\Model\Demande.java
C:\Users\user\Downloads\gihBackEnd\src\main\java\ma\uiass\eia\pds\Service\StocksDetailsService.java
C:\Users\user\Downloads\gihBackEnd\src\main\java\ma\uiass\eia\pds\Model\DemandeDMFormat.java
C:\Users\user\Downloads\gihBackEnd\src\main\java\ma\uiass\eia\pds\Dao\StateFDao.java
C:\Users\user\Downloads\gihBackEnd\src\main\java\ma\uiass\eia\pds\Model\StateNFLD.java
C:\Users\user\Downloads\gihBackEnd\src\main\java\ma\uiass\eia\pds\Dao\DetailsLivraisonDao.java
C:\Users\user\Downloads\gihBackEnd\src\main\java\ma\uiass\eia\pds\Dao\DemandeDMDaoImp.java
C:\Users\user\Downloads\gihBackEnd\src\main\java\ma\uiass\eia\pds\Model\TypeLit.java
C:\Users\user\Downloads\gihBackEnd\src\main\java\ma\uiass\eia\pds\Controller\BatimentController.java
C:\Users\user\Downloads\gihBackEnd\src\main\java\ma\uiass\eia\pds\Dao\ILivraisonFournisseurDao.java
C:\Users\user\Downloads\gihBackEnd\src\main\java\ma\uiass\eia\pds\Service\IRévisionService.java
C:\Users\user\Downloads\gihBackEnd\src\main\java\ma\uiass\eia\pds\Dao\TypeDMDao.java
C:\Users\user\Downloads\gihBackEnd\src\main\java\ma\uiass\eia\pds\Dao\DetailDemandeDao.java
C:\Users\user\Downloads\gihBackEnd\src\main\java\ma\uiass\eia\pds\Dao\IDemandeDMDao.java
C:\Users\user\Downloads\gihBackEnd\src\main\java\ma\uiass\eia\pds\Service\StateFService.java
C:\Users\user\Downloads\gihBackEnd\src\main\java\ma\uiass\eia\pds\Controller\RévisionController.java
C:\Users\user\Downloads\gihBackEnd\src\main\java\ma\uiass\eia\pds\Service\ILivraisonFournisseurService.java
C:\Users\user\Downloads\gihBackEnd\src\main\java\ma\uiass\eia\pds\Service\TypeLitService.java
C:\Users\user\Downloads\gihBackEnd\src\main\java\ma\uiass\eia\pds\Service\IEspaceService.java
C:\Users\user\Downloads\gihBackEnd\src\main\java\ma\uiass\eia\pds\Dao\StateNFLDDao.java
C:\Users\user\Downloads\gihBackEnd\src\main\java\ma\uiass\eia\pds\Model\Lit.java
C:\Users\user\Downloads\gihBackEnd\src\main\java\ma\uiass\eia\pds\Dao\IExemplaireDMDao.java
C:\Users\user\Downloads\gihBackEnd\src\main\java\ma\uiass\eia\pds\Controller\EspaceController.java
C:\Users\user\Downloads\gihBackEnd\src\main\java\ma\uiass\eia\pds\Service\EquipementService.java
C:\Users\user\Downloads\gihBackEnd\src\main\java\ma\uiass\eia\pds\Service\ITypeDMSerivce.java
C:\Users\user\Downloads\gihBackEnd\src\main\java\ma\uiass\eia\pds\Dao\TypeLitDao.java
C:\Users\user\Downloads\gihBackEnd\src\main\java\ma\uiass\eia\pds\Dao\IBatimentDao.java
C:\Users\user\Downloads\gihBackEnd\src\main\java\ma\uiass\eia\pds\Dao\IEquipementDao.java
C:\Users\user\Downloads\gihBackEnd\src\main\java\ma\uiass\eia\pds\Service\BatimentService.java
C:\Users\user\Downloads\gihBackEnd\src\main\java\ma\uiass\eia\pds\Dao\MarqueDao.java
C:\Users\user\Downloads\gihBackEnd\src\main\java\ma\uiass\eia\pds\Dao\SalleDao.java
C:\Users\user\Downloads\gihBackEnd\src\main\java\ma\uiass\eia\pds\Controller\StateFController.java
C:\Users\user\Downloads\gihBackEnd\src\main\java\ma\uiass\eia\pds\Model\EtatLit.java
C:\Users\user\Downloads\gihBackEnd\src\main\java\ma\uiass\eia\pds\Service\IBatimentService.java
C:\Users\user\Downloads\gihBackEnd\src\main\java\ma\uiass\eia\pds\Dao\IAmbulanceDao.java
C:\Users\user\Downloads\gihBackEnd\src\main\java\ma\uiass\eia\pds\Dao\LitDao.java
C:\Users\user\Downloads\gihBackEnd\src\main\java\ma\uiass\eia\pds\Controller\StocksDetailsController.java
C:\Users\user\Downloads\gihBackEnd\src\main\java\ma\uiass\eia\pds\Service\IDispoMedicalService.java
C:\Users\user\Downloads\gihBackEnd\src\main\java\ma\uiass\eia\pds\Controller\LivraisonFournisseurController.java
C:\Users\user\Downloads\gihBackEnd\src\main\java\ma\uiass\eia\pds\Model\DetailDemandeDM.java
C:\Users\user\Downloads\gihBackEnd\src\main\java\ma\uiass\eia\pds\Service\ITypeLitService.java
C:\Users\user\Downloads\gihBackEnd\src\main\java\ma\uiass\eia\pds\Service\DetailsLivraisonService.java
C:\Users\user\Downloads\gihBackEnd\src\main\java\ma\uiass\eia\pds\Dao\IDetailsLivraisonDao.java
C:\Users\user\Downloads\gihBackEnd\src\main\java\ma\uiass\eia\pds\Model\Role.java
C:\Users\user\Downloads\gihBackEnd\src\main\java\ma\uiass\eia\pds\Dao\IFournisseurDao.java
C:\Users\user\Downloads\gihBackEnd\src\main\java\ma\uiass\eia\pds\Service\IExemplaireDMService.java
C:\Users\user\Downloads\gihBackEnd\src\main\java\ma\uiass\eia\pds\Service\IStocksDetailsService.java
C:\Users\user\Downloads\gihBackEnd\src\main\java\ma\uiass\eia\pds\Dao\IEspaceDao.java
C:\Users\user\Downloads\gihBackEnd\src\main\java\ma\uiass\eia\pds\App.java
C:\Users\user\Downloads\gihBackEnd\src\main\java\ma\uiass\eia\pds\Controller\FournisseurController.java
C:\Users\user\Downloads\gihBackEnd\src\main\java\ma\uiass\eia\pds\Model\Stock.java
C:\Users\user\Downloads\gihBackEnd\src\main\java\ma\uiass\eia\pds\Controller\StockController.java
C:\Users\user\Downloads\gihBackEnd\src\main\java\ma\uiass\eia\pds\Dao\IRévisionDao.java
C:\Users\user\Downloads\gihBackEnd\src\main\java\ma\uiass\eia\pds\Model\ExemplaireDM.java
C:\Users\user\Downloads\gihBackEnd\src\main\java\ma\uiass\eia\pds\Model\GeneratedCode.java
C:\Users\user\Downloads\gihBackEnd\src\main\java\ma\uiass\eia\pds\Model\Salle.java
